   Policy at location.cedar:42:39 [2:1-2:39]
      Bool: true at <omitted>
   Policy at location.cedar:83:53 [4:1-4:53]
      Bool: true at location.cedar:129:4 [4:47-4:50]
   Policy at location.cedar:138:99 [6:1-10:2]
      Bin: (((principal is App::Account) && (resource is App::Photo)) && (action == Action::"view")) at <omitted>
         Bin: (action == Action::"view") at location.cedar:182:24 [8:5-8:28]
            Action: Action::"view" at location.cedar:192:14 [8:15-8:28]
            Var: action at location.cedar:182:6 [8:5-8:10]
         Bin: ((principal is App::Account) && (resource is App::Photo)) at <omitted>
            Bin: (resource is App::Photo) at location.cedar:212:22 [9:5-9:26]
               Type: App::Photo at location.cedar:224:10 [9:17-9:26]
               Var: resource at location.cedar:212:8 [9:5-9:12]
            Bin: (principal is App::Account) at location.cedar:151:25 [7:5-7:29]
               Type: App::Account at location.cedar:164:12 [7:18-7:29]
               Var: principal at location.cedar:151:9 [7:5-7:13]
   Policy at location.cedar:239:148 [12:1-16:2]
      Bin: ((((principal in App::Account::"Alice") && (principal is App::Account)) && ((resource in App::Photo::"Meadow") && (resource is App::Photo))) && (action == Action::"view")) at <omitted>
         Bin: (action == Action::"view") at location.cedar:308:24 [14:5-14:28]
            Action: Action::"view" at location.cedar:318:14 [14:15-14:28]
            Var: action at location.cedar:308:6 [14:5-14:10]
         Bin: (((principal in App::Account::"Alice") && (principal is App::Account)) && ((resource in App::Photo::"Meadow") && (resource is App::Photo))) at <omitted>
            Bin: ((resource in App::Photo::"Meadow") && (resource is App::Photo)) at location.cedar:338:46 [15:5-15:50]
               Bin: (resource is App::Photo) at <omitted>
                  Type: App::Photo at location.cedar:350:10 [15:17-15:26]
                  Var: resource at location.cedar:338:8 [15:5-15:12]
               Bin: (resource in App::Photo::"Meadow") at <omitted>
                  Entity: App::Photo::"Meadow" at location.cedar:364:20 [15:31-15:50]
                  Var: resource at location.cedar:338:8 [15:5-15:12]
            Bin: ((principal in App::Account::"Alice") && (principal is App::Account)) at location.cedar:252:50 [13:5-13:54]
               Bin: (principal is App::Account) at <omitted>
                  Type: App::Account at location.cedar:265:12 [13:18-13:29]
                  Var: principal at location.cedar:252:9 [13:5-13:13]
               Bin: (principal in App::Account::"Alice") at <omitted>
                  Entity: App::Account::"Alice" at location.cedar:281:21 [13:34-13:54]
                  Var: principal at location.cedar:252:9 [13:5-13:13]
   Policy at location.cedar:442:79 [20:1-23:2]
      Bin: ((true && false) && (12 == "bar")) at location.cedar:490:28 [22:5-22:32]
         Bin: (12 == "bar") at location.cedar:507:11 [22:22-22:32]
            Str: "bar" at location.cedar:513:5 [22:28-22:32]
            Long: 12 at location.cedar:507:2 [22:22-22:23]
         Bin: (true && false) at location.cedar:490:13 [22:5-22:17]
            Bool: false at location.cedar:498:5 [22:13-22:17]
            Bool: true at location.cedar:490:4 [22:5-22:8]
   Policy at location.cedar:556:128 [26:1-30:2]
      Bin: ((action == Action::"view") && (principal.album.photo.owner == Account::"Bob")) at location.cedar:604:77 [28:5-29:49]
         Bin: (principal.album.photo.owner == Account::"Bob") at location.cedar:636:45 [29:5-29:49]
            Entity: Account::"Bob" at location.cedar:667:14 [29:36-29:49]
            Prop: principal.album.photo.owner at location.cedar:636:27 [29:5-29:31]
               Prop: principal.album.photo at location.cedar:636:21 [29:5-29:25]
                  Prop: principal.album at location.cedar:636:15 [29:5-29:19]
                     Var: principal at location.cedar:636:9 [29:5-29:13]
         Bin: (action == Action::"view") at location.cedar:604:24 [28:5-28:28]
            Action: Action::"view" at location.cedar:614:14 [28:15-28:28]
            Var: action at location.cedar:604:6 [28:5-28:10]
   Policy at location.cedar:707:134 [33:1-38:2]
      Bin: (((principal in Account::"Alice") && (principal is Account)) && (principal has "attr")) at location.cedar:755:83 [35:5-37:22]
         Has: (principal has "attr") at location.cedar:820:18 [37:5-37:22]
            Var: principal at location.cedar:820:9 [37:5-37:13]
         Bin: ((principal in Account::"Alice") && (principal is Account)) at location.cedar:755:57 [35:5-36:24]
            Bin: (principal is Account) at location.cedar:792:20 [36:5-36:24]
               Type: Account at location.cedar:805:7 [36:18-36:24]
               Var: principal at location.cedar:792:9 [36:5-36:13]
            Bin: (principal in Account::"Alice") at location.cedar:755:29 [35:5-35:33]
               Entity: Account::"Alice" at location.cedar:768:16 [35:18-35:33]
               Var: principal at location.cedar:755:9 [35:5-35:13]
   Policy at location.cedar:850:73 [41:1-44:2]
      Bin: ([1, 2, 3] == [2, 3, 1]) at location.cedar:898:22 [43:5-43:26]
         Set: [2, 3, 1] at location.cedar:911:9 [43:18-43:26]
            Long: 2 at location.cedar:912:1 [43:19-43:19]
            Long: 3 at location.cedar:915:1 [43:22-43:22]
            Long: 1 at location.cedar:918:1 [43:25-43:25]
         Set: [1, 2, 3] at location.cedar:898:9 [43:5-43:13]
            Long: 1 at location.cedar:899:1 [43:6-43:6]
            Long: 2 at location.cedar:902:1 [43:9-43:9]
            Long: 3 at location.cedar:905:1 [43:12-43:12]
   Policy at location.cedar:935:82 [47:1-50:2]
      Bin: ({ attr: 2 } != { attr: 3 }) at location.cedar:983:31 [49:5-49:35]
         Record: { attr: 3 } at location.cedar:1000:14 [49:22-49:35]
            Long: 3 at location.cedar:1011:1 [49:33-49:33]
         Record: { attr: 2 } at location.cedar:983:13 [49:5-49:17]
            Long: 2 at location.cedar:993:1 [49:15-49:15]
   Policy at location.cedar:1035:80 [54:1-57:2]
      If: (if true then false else false) at location.cedar:1083:29 [56:5-56:33]
         Bool: true at location.cedar:1086:4 [56:8-56:11]
         Bool: false at location.cedar:1107:5 [56:29-56:33]
         Bool: false at location.cedar:1096:5 [56:18-56:22]
   Policy at location.cedar:1125:91 [60:1-63:2]
      Call:principal.album.contains(resource.photo) at location.cedar:1173:40 [62:5-62:44]
         Prop: resource.photo at location.cedar:1198:14 [62:30-62:43]
            Var: resource at location.cedar:1198:8 [62:30-62:37]
         Prop: principal.album at location.cedar:1173:15 [62:5-62:19]
            Var: principal at location.cedar:1173:9 [62:5-62:13]
   Policy at location.cedar:1227:68 [66:1-69:2]
      Bin: (!false && (-1 == 2)) at location.cedar:1275:17 [68:5-68:21]
         Bin: (-1 == 2) at location.cedar:1285:7 [68:15-68:21]
            Long: 2 at location.cedar:1291:1 [68:21-68:21]
            Long: -1 at location.cedar:1285:2 [68:15-68:16]
         Unary: !false at location.cedar:1275:6 [68:5-68:10]
            Bool: false at location.cedar:1276:5 [68:6-68:10]
   Invariant at location.cedar:1310:81 [72:1-74:40]
      Quantifier at location.cedar:1359:31 [74:9-74:39]
         Var: principal at location.cedar:1367:9 [74:17-74:25]
         Type: App::Account at location.cedar:1378:12 [74:28-74:39]
      Call:principal.albums.isEmpty() at location.cedar:1324:26 [73:5-73:30]
         Prop: principal.albums at location.cedar:1324:16 [73:5-73:20]
            Var: principal at location.cedar:1324:9 [73:5-73:13]